[CHAT WINDOW TEXT] [Tue Jul 29 14:10:26] SPELL RESIST: 65 AC DUMMY attempts to resist: Incendiary Cloud - Result:  FAILED
[CHAT WINDOW TEXT] [Tue Jul 29 14:10:26] SAVE: 65 AC DUMMY : Reflex Save vs. Fire : *failed* : (4 + 1 vs. DC: 44)
[CHAT WINDOW TEXT] [Tue Jul 29 14:10:26] Dank V2 : Initiative Roll : 15 : (11 + 4 = 15)
[CHAT WINDOW TEXT] [Tue Jul 29 14:10:26] Dank V2 damages 65 AC DUMMY: 63 (63 Fire)
[CHAT WINDOW TEXT] [Tue Jul 29 14:10:26] SPELL RESIST: 75 AC DUMMY attempts to resist: Incendiary Cloud - Result:  FAILED
[CHAT WINDOW TEXT] [Tue Jul 29 14:10:26] SAVE: 75 AC DUMMY : Reflex Save vs. Fire : *failed* : (8 + 1 vs. DC: 44)
[CHAT WINDOW TEXT] [Tue Jul 29 14:10:26] Dank V2 damages 75 AC DUMMY: 72 (72 Fire)
[CHAT WINDOW TEXT] [Tue Jul 29 14:10:29] Dank V2 casting Tenser's Transformation
[CHAT WINDOW TEXT] [Tue Jul 29 14:10:30] Dank V2 casts Tenser's Transformation
[CHAT WINDOW TEXT] [Tue Jul 29 14:10:32] Dank V2 attacks 65 AC DUMMY : *hit* : (8 + 65 = 73)
[CHAT WINDOW TEXT] [Tue Jul 29 14:10:32] SPELL RESIST: 65 AC DUMMY attempts to resist: Incendiary Cloud - Result:  FAILED
[CHAT WINDOW TEXT] [Tue Jul 29 14:10:32] SAVE: 65 AC DUMMY : Reflex Save vs. Fire : *failed* : (5 + 1 vs. DC: 44)
[CHAT WINDOW TEXT] [Tue Jul 29 14:10:32] Dank V2 damages 65 AC DUMMY: 64 (64 Fire)
[CHAT WINDOW TEXT] [Tue Jul 29 14:10:32] Dank V2 attacks 65 AC DUMMY : *hit* : (6 + 60 = 66)
[CHAT WINDOW TEXT] [Tue Jul 29 14:10:32] Dank V2 damages 65 AC DUMMY: 58 (36 Physical 2 Magical 8 Divine 2 Fire 10 Negative Energy)
[CHAT WINDOW TEXT] [Tue Jul 29 14:10:32] SPELL RESIST: 75 AC DUMMY attempts to resist: Incendiary Cloud - Result:  FAILED
[CHAT WINDOW TEXT] [Tue Jul 29 14:10:32] SAVE: 75 AC DUMMY : Reflex Save vs. Fire : *failed* : (17 + 1 vs. DC: 44)
[CHAT WINDOW TEXT] [Tue Jul 29 14:10:32] Dank V2 damages 75 AC DUMMY: 50 (50 Fire)
[CHAT WINDOW TEXT] [Tue Jul 29 14:10:32] Dank V2 : Healed 0 hit points.
[CHAT WINDOW TEXT] [Tue Jul 29 14:10:32] Dank V2 damages 65 AC DUMMY: 59 (33 Physical 4 Magical 10 Divine 6 Fire 6 Negative Energy)
[CHAT WINDOW TEXT] [Tue Jul 29 14:10:34] Dank V2 attacks 65 AC DUMMY : *hit* : (5 + 65 = 70)
[CHAT WINDOW TEXT] [Tue Jul 29 14:10:34] Dank V2 attacks 65 AC DUMMY : *hit* : (9 + 60 = 69)
[CHAT WINDOW TEXT] [Tue Jul 29 14:10:34] Dank V2 damages 65 AC DUMMY: 62 (37 Physical 10 Magical 8 Divine 4 Fire 3 Negative Energy)
[CHAT WINDOW TEXT] [Tue Jul 29 14:10:34] Dank V2 : Healed 0 hit points.
[CHAT WINDOW TEXT] [Tue Jul 29 14:10:34] Dank V2 damages 65 AC DUMMY: 49 (33 Physical 2 Magical 7 Divine 2 Fire 5 Negative Energy)
[CHAT WINDOW TEXT] [Tue Jul 29 14:10:36] Dank V2 attacks 65 AC DUMMY : *miss* : (7 + 55 = 62)
[CHAT WINDOW TEXT] [Tue Jul 29 14:10:36] Dank V2 attacks 65 AC DUMMY : *miss* : (13 + 50 = 63)
[CHAT WINDOW TEXT] [Tue Jul 29 14:10:38] Dank V2 attacks 65 AC DUMMY : *critical hit* : (20 + 65 = 85 : Threat Roll: 17 + 65 = 82)
[CHAT WINDOW TEXT] [Tue Jul 29 14:10:38] SPELL RESIST: 75 AC DUMMY attempts to resist: Incendiary Cloud - Result:  FAILED
[CHAT WINDOW TEXT] [Tue Jul 29 14:10:38] SAVE: 75 AC DUMMY : Reflex Save vs. Fire : *failed* : (16 + 1 vs. DC: 44)
[CHAT WINDOW TEXT] [Tue Jul 29 14:10:38] Dank V2 damages 75 AC DUMMY: 50 (50 Fire)
[CHAT WINDOW TEXT] [Tue Jul 29 14:10:38] SPELL RESIST: 65 AC DUMMY attempts to resist: Incendiary Cloud - Result:  FAILED
[CHAT WINDOW TEXT] [Tue Jul 29 14:10:38] SAVE: 65 AC DUMMY : Reflex Save vs. Fire : *failed* : (1 + 1 vs. DC: 44)
[CHAT WINDOW TEXT] [Tue Jul 29 14:10:38] Dank V2 damages 65 AC DUMMY: 56 (56 Fire)
[CHAT WINDOW TEXT] [Tue Jul 29 14:10:38] Dank V2 attacks 65 AC DUMMY : *miss* : (1 + 60 = 61)
[CHAT WINDOW TEXT] [Tue Jul 29 14:10:38] Dank V2 damages 65 AC DUMMY: 125 (77 Physical 18 Magical 15 Divine 5 Fire 10 Negative Energy)
[CHAT WINDOW TEXT] [Tue Jul 29 16:51:30] SPELL RESIST: 65 AC DUMMY - Chaotic Evil - Boss Damage Reduction attempts to resist: Cloudkill - Result:  FAILED
[CHAT WINDOW TEXT] [Tue Jul 29 16:51:30] 65 AC DUMMY - Chaotic Evil - Boss Damage Reduction : Damage Immunity absorbs 12 point(s) of Acid
[CHAT WINDOW TEXT] [Tue Jul 29 16:51:30] Dank V2 damages 65 AC DUMMY - Chaotic Evil - Boss Damage Reduction: 36 (36 Acid)